Restore Archived Project report for processador
Wed Sep 18 18:11:06 2024
Quartus Prime Version 20.1.0 Build 711 06/05/2020 SJ Standard Edition


---------------------
; Table of Contents ;
---------------------
  1. Legal Notice
  2. Restore Archived Project Summary
  3. Restore Archived Project Messages
  4. Files Restored
  5. Files Not Restored



----------------
; Legal Notice ;
----------------
Copyright (C) 2020  Intel Corporation. All rights reserved.
Your use of Intel Corporation's design tools, logic functions 
and other software and tools, and any partner logic 
functions, and any output files from any of the foregoing 
(including device programming or simulation files), and any 
associated documentation or information are expressly subject 
to the terms and conditions of the Intel Program License 
Subscription Agreement, the Intel Quartus Prime License Agreement,
the Intel FPGA IP License Agreement, or other applicable license
agreement, including, without limitation, that your use is for
the sole purpose of programming logic devices manufactured by
Intel and sold by Intel or its authorized distributors.  Please
refer to the applicable agreement for further details, at
https://fpgasoftware.intel.com/eula.



+-------------------------------------------------------------------------+
; Restore Archived Project Summary                                        ;
+---------------------------------+---------------------------------------+
; Restore Archived Project Status ; Successful - Wed Sep 18 18:11:06 2024 ;
; Revision Name                   ; processador                           ;
; Top-level Entity Name           ; dev                                   ;
; Family                          ; Cyclone IV E                          ;
+---------------------------------+---------------------------------------+


+-----------------------------------+
; Restore Archived Project Messages ;
+-----------------------------------+
Info: Successfully restored '/home/aluno/Downloads/processador (1).qar' into the '/home/aluno/Downloads/processador (1)_restored/' directory
Info: Generated report 'processador.restore.rpt'
Info (23030): Evaluation of Tcl script /opt/quartus/quartus/common/tcl/apps/qpm/qar.tcl was successful
Info: Quartus Prime Shell was successful. 0 errors, 0 warnings
    Info: Peak virtual memory: 608 megabytes
    Info: Processing ended: Wed Sep 18 18:11:06 2024
    Info: Elapsed time: 00:00:01
    Info: Total CPU time (on all processors): 00:00:00


+-------------------------------------+
; Files Restored                      ;
+-------------------------------------+
; File Name                           ;
+-------------------------------------+
; qar_info.json                       ;
; BANCOREG.v                          ;
; MUXTA.v                             ;
; MUXTB.v                             ;
; PC.v                                ;
; RAM.v                               ;
; UC.sv                               ;
; ULA.sv                              ;
; clock.sv                            ;
; dev.sv                              ;
; extensor_bit.v                      ;
; muxtc.v                             ;
; processador.qpf                     ;
; processador.qsf                     ;
; processador.sv                      ;
; processador/RegisterOUT.sv          ;
; processador/displayBcd.sv           ;
; processador/modOut.sv               ;
; processador_assignment_defaults.qdf ;
; programa.txt                        ;
; rom.sv                              ;
+-------------------------------------+


+--------------------+
; Files Not Restored ;
+--------------------+
; File Name          ;
+--------------------+


